Archive member included to satisfy reference by file (symbol)

obj_emsk_22/gnu_arcem7d/board/emsk/common/emsk_init.o
                              obj_emsk_22/gnu_arcem7d/board/board.o (board_init)
obj_emsk_22/gnu_arcem7d/board/emsk/drivers/mux/mux.o
                              obj_emsk_22/gnu_arcem7d/board/emsk/common/emsk_init.o (io_mux_init)
obj_emsk_22/gnu_arcem7d/board/emsk/drivers/pmwifi/pmwifi.o
                              obj_emsk_22/gnu_arcem7d/board/board.o (wnic_get_dev)
obj_emsk_22/gnu_arcem7d/middleware/common/console_io.o
                              obj_emsk_22/gnu_arcem7d/board/board.o (xprintf_setup)
obj_emsk_22/gnu_arcem7d/middleware/common/xprintf/xprintf.o
                              obj_emsk_22/gnu_arcem7d/middleware/common/console_io.o (xfunc_out)
obj_emsk_22/gnu_arcem7d/middleware/fatfs/src/ff.o
                              obj_emsk_22/gnu_arcem7d/board/board.o (f_mount)
obj_emsk_22/gnu_arcem7d/middleware/fatfs/src/ff_unicode.o
                              obj_emsk_22/gnu_arcem7d/middleware/fatfs/src/ff.o (ff_convert)
obj_emsk_22/gnu_arcem7d/middleware/lwip-contrib/ports/arc/lwip_pmwifi.o
                              obj_emsk_22/gnu_arcem7d/board/board.o (lwip_pmwifi_init)
obj_emsk_22/gnu_arcem7d/middleware/lwip-contrib/ports/arc/netif/pmwifi_netif.o
                              obj_emsk_22/gnu_arcem7d/middleware/lwip-contrib/ports/arc/lwip_pmwifi.o (pmwifi_on_input)
obj_emsk_22/gnu_arcem7d/middleware/lwip-contrib/ports/arc/sys_arch/freertos/sys_arch.o
                              obj_emsk_22/gnu_arcem7d/middleware/lwip-contrib/ports/arc/netif/pmwifi_netif.o (sys_sem_new)
obj_emsk_22/gnu_arcem7d/middleware/vending-machine/source/led_task.o
                              obj_emsk_22/gnu_arcem7d/board/board.o (LED_task)
obj_emsk_22/gnu_arcem7d/middleware/vending-machine/source/temp_task.o
                              obj_emsk_22/gnu_arcem7d/board/board.o (temp_task)
obj_emsk_22/gnu_arcem7d/middleware/vending-machine/source/vm_task.o
                              obj_emsk_22/gnu_arcem7d/application/./Source/main.o (enQueue)
obj_emsk_22/gnu_arcem7d/middleware/vending-machine/source/oled_task.o
                              obj_emsk_22/gnu_arcem7d/board/board.o (oled_task)
obj_emsk_22/gnu_arcem7d/middleware/vending-machine/source/numpad_task.o
                              obj_emsk_22/gnu_arcem7d/board/board.o (numpad_task)
obj_emsk_22/gnu_arcem7d/middleware/vending-machine/source/communication_task.o
                              obj_emsk_22/gnu_arcem7d/board/board.o (communication_task)
obj_emsk_22/gnu_arcem7d/os/freertos/portable/synopsys/arc/arc_freertos_exceptions.o
                              obj_emsk_22/gnu_arcem7d/board/board.o (freertos_exc_init)
obj_emsk_22/gnu_arcem7d/os/freertos/tasks.o
                              obj_emsk_22/gnu_arcem7d/board/board.o (xTaskCreate)
obj_emsk_22/gnu_arcem7d/os/freertos/list.o
                              obj_emsk_22/gnu_arcem7d/os/freertos/tasks.o (vListInitialise)
obj_emsk_22/gnu_arcem7d/os/freertos/queue.o
                              obj_emsk_22/gnu_arcem7d/board/board.o (xQueueGenericCreate)
obj_emsk_22/gnu_arcem7d/arc/arc_timer.o
                              obj_emsk_22/gnu_arcem7d/board/emsk/common/emsk_init.o (timer_init)
obj_emsk_22/gnu_arcem7d/arc/arc_cache.o
                              obj_emsk_22/gnu_arcem7d/arc/startup/arc_startup.o (arc_cache_init)
obj_emsk_22/gnu_arcem7d/arc/arc_exception.o
                              obj_emsk_22/gnu_arcem7d/middleware/lwip-contrib/ports/arc/sys_arch/freertos/sys_arch.o (cpu_lock_save)
obj_emsk_22/gnu_arcem7d/arc/arc_exc_asm.o
                              obj_emsk_22/gnu_arcem7d/arc/arc_exception.o (exc_entry_cpu)
obj_emsk_22/gnu_arcem7d/library/clib/embarc_misc.o
                              obj_emsk_22/gnu_arcem7d/middleware/common/console_io.o (gnu_printf_setup)
obj_emsk_22/gnu_arcem7d/board/emsk/drivers/ip/designware/gpio/dw_gpio_obj.o
                              obj_emsk_22/gnu_arcem7d/middleware/vending-machine/source/numpad_task.o (gpio_get_dev)
obj_emsk_22/gnu_arcem7d/board/emsk/drivers/ip/designware/uart/dw_uart_obj.o
                              obj_emsk_22/gnu_arcem7d/middleware/common/console_io.o (uart_get_dev)
obj_emsk_22/gnu_arcem7d/device/ip/designware/gpio/dw_gpio.o
                              obj_emsk_22/gnu_arcem7d/board/emsk/drivers/ip/designware/gpio/dw_gpio_obj.o (dw_gpio_open)
obj_emsk_22/gnu_arcem7d/device/ip/designware/uart/dw_uart.o
                              obj_emsk_22/gnu_arcem7d/board/emsk/drivers/ip/designware/uart/dw_uart_obj.o (dw_uart_open)
obj_emsk_22/gnu_arcem7d/device/peripheral/sensor/temperature/adt7420/adt7420.o
                              obj_emsk_22/gnu_arcem7d/middleware/vending-machine/source/temp_task.o (adt7420_sensor_init)
obj_emsk_22/gnu_arcem7d/device/peripheral/wifi/rw009/rw009.o
                              obj_emsk_22/gnu_arcem7d/board/emsk/drivers/pmwifi/pmwifi.o (rw009_wnic_get_info)
[...]
Memory Configuration

Name             Origin             Length             Attributes
ICCM             0x00000000         0x00040000
DCCM             0x80000000         0x00020000
EXT_RAM          0x10000000         0x08000000
*default*        0x00000000         0xffffffff

Linker script and memory map

LOAD d:/arc_gnu/bin/../lib/gcc/arc-elf32/7.1.1/../../../../arc-elf32/lib/em4_dmips\libm.a

.init           0x10000000      0x1b0
                0x10000000                _f_init = .
 *(.init_vector)
 .init_vector   0x10000000        0x4 obj_emsk_22/gnu_arcem7d/arc/startup/arc_startup.o
 *(.init_bootstrap)
 .init_bootstrap
                0x10000004      0x1ac obj_emsk_22/gnu_arcem7d/arc/startup/arc_startup.o
                0x10000004                _arc_reset
                0x10000004                _start
                0x1000019c                _exit_loop
                0x1000019c                _exit_halt
                0x100001b0                _e_init = .

.vector         0x10000400      0x400
                0x10000400                _f_vector = .
 *(.vector)
 .vector        0x10000400      0x400 obj_emsk_22/gnu_arcem7d/arc/arc_exception.o
                0x10000400                exc_entry_table
                0x10000800                _e_vector = .

.text           0x10000800    0xb3d44
                0x10000800                _f_text = .
 *(.text .text.* .gnu.linkonce.t.*)
 .text          0x10000800      0xcd0 obj_emsk_22/gnu_arcem7d/application/./Source/main.o
                0x10000800                _Main_Enqueue
                0x10000898                _Wifi_Main_Enqueue
                0x100009f4                main
 .text          0x100014d0      0x344 obj_emsk_22/gnu_arcem7d/board/board.o
                0x10001634                board_main
 .text          0x10001814      0x100 obj_emsk_22/gnu_arcem7d/arc/startup/arc_cxx_support.o
                0x10001814                __do_global_ctors_aux
                0x10001858                __do_global_dtors_aux
                0x100018a8                __cxa_atexit
                0x100018c8                __do_init_array_aux
                0x1000190c                __cxa_pure_virtual
 .text          0x10001914        0x0 obj_emsk_22/gnu_arcem7d/arc/startup/arc_startup.o
 .text          0x10001914       0x20 obj_emsk_22/gnu_arcem7d/board/emsk/common/emsk_init.o
                0x10001914                board_init
 .text          0x10001934      0x300 obj_emsk_22/gnu_arcem7d/board/emsk/drivers/mux/mux.o
                0x10001934                set_pmod_mux
                0x10001958                get_pmod_mux
                0x10001970                set_spi_map
                0x10001998                set_uart_map
                0x100019c0                io_mikro_config
                0x100019dc                io_arduino_config_spi
                0x100019f8                io_arduino_config_uart
                0x10001a14                io_arduino_config_i2c
                0x10001a30                io_arduino_config_ad
                0x10001a50                io_arduino_config_pwm
                0x10001a70                io_arduino_config_gpio
                0x10001a90                io_pmod_config
                0x10001bdc                io_mux_init
 .text          0x10001c34      0x7cc obj_emsk_22/gnu_arcem7d/board/emsk/drivers/pmwifi/pmwifi.o
                0x1000239c                wnic_get_dev
                0x100023e8                pmwifi_all_install
 .text          0x10002400      0x1dc obj_emsk_22/gnu_arcem7d/middleware/common/console_io.o
                0x10002400                console_putchar
                0x10002444                console_putstr
                0x1000248c                console_getchar
                0x100024d4                console_getstr
                0x10002544                xprintf_setup
 .text          0x100025dc      0xa58 obj_emsk_22/gnu_arcem7d/middleware/common/xprintf/xprintf.o
                0x100025dc                xputc
                0x10002648                xputs
                0x10002680                xfputs
                0x100026e0                xvprintf
                0x10002a8c                xprintf
                0x10002ae0                xsprintf
                0x10002b54                xfprintf
                0x10002bcc                put_dump
                0x10002d20                xgets
                0x10002e08                xfgets
                0x10002e64                xatoi
 .text          0x10003034     0x67f4 obj_emsk_22/gnu_arcem7d/middleware/fatfs/src/ff.o
                0x100034bc                clust2sect
                0x10003510                get_fat
                0x100036e8                put_fat
                0x1000611c                f_mount
                0x100061d8                f_open
                0x10006540                f_read
                0x100068ac                f_write
                0x10006c9c                f_sync
                0x10006e54                f_close
                0x10006ea4                f_chdir
                0x10006f70                f_getcwd
                0x100071f0                f_lseek
                0x10007554                f_opendir
                0x1000765c                f_closedir
                0x10007698                f_readdir
                0x1000775c                f_stat
                0x100077f4                f_getfree
                0x10007a14                f_truncate
                0x10007bd0                f_unlink
                0x10007d80                f_mkdir
                0x10008078                f_chmod
                0x1000817c                f_rename
                0x100083ac                f_utime
                0x100084b4                f_mkfs
                0x100090f4                f_gets
                0x10009268                f_putc
                0x100092f8                f_puts
                0x1000939c                f_printf
 .text          0x10009828      0x1e8 obj_emsk_22/gnu_arcem7d/middleware/fatfs/src/ff_unicode.o
                0x10009828                ff_convert
                0x10009938                ff_wtoupper
 .text          0x10009a10      0x820 obj_emsk_22/gnu_arcem7d/middleware/lwip-contrib/ports/arc/lwip_pmwifi.o
                0x1000a0cc                lwip_pmwifi_init
                0x1000a218                lwip_pmwifi_isup
 .text          0x1000a230      0x444 obj_emsk_22/gnu_arcem7d/middleware/lwip-contrib/ports/arc/netif/pmwifi_netif.o
                0x1000a3f4                pmwifi_on_input
                0x1000a56c                pmwifi_if_init
 .text          0x1000a674      0x784 obj_emsk_22/gnu_arcem7d/middleware/lwip-contrib/ports/arc/sys_arch/freertos/sys_arch.o
                0x1000a690                sys_mutex_new
                0x1000a6dc                sys_mutex_lock
                0x1000a724                sys_mutex_unlock
                0x1000a764                sys_mutex_free
                0x1000a79c                sys_sem_new
                0x1000a83c                sys_sem_signal
                0x1000a8a0                sys_arch_sem_wait
                0x1000a974                sys_sem_free
                0x1000a9ac                sys_mbox_new
                0x1000aa04                sys_mbox_post
                0x1000aa54                sys_mbox_trypost
                0x1000aaf8                sys_arch_mbox_fetch
                0x1000abf0                sys_arch_mbox_tryfetch
                0x1000ac9c                sys_mbox_free
                0x1000acec                sys_thread_new
                0x1000ad7c                sys_init
                0x1000ad8c                sys_jiffies
                0x1000ada4                sys_now
                0x1000adbc                sys_arch_protect
                0x1000add4                sys_arch_unprotect
 .text          0x1000adf8       0x4c obj_emsk_22/gnu_arcem7d/middleware/vending-machine/source/led_task.o
                0x1000adf8                LED_task
 .text          0x1000ae44      0x188 obj_emsk_22/gnu_arcem7d/middleware/vending-machine/source/temp_task.o
                0x1000af20                temp_task
 .text          0x1000afcc      0x198 obj_emsk_22/gnu_arcem7d/middleware/vending-machine/source/vm_task.o
                0x1000afcc                enQueue
                0x1000b02c                vm_task
 .text          0x1000b164      0xae4 obj_emsk_22/gnu_arcem7d/middleware/vending-machine/source/oled_task.o
                0x1000b164                u8g_prepare
                0x1000b1a4                u8g_box_frame
                0x1000b24c                u8g_string
                0x1000b2dc                u8g_line
                0x1000b394                u8g_ascii_1
                0x1000b444                u8g_ascii_2
                0x1000b4f8                u8g_test
                0x1000b5b4                u8g_cover
                0x1000b634                u8g_recommand
                0x1000b6cc                u8g_check
                0x1000b770                u8g_confirm
                0x1000b7fc                u8g_input
                0x1000b8c8                draw
                0x1000b940                oled_task
 .text          0x1000bc48      0x4f8 obj_emsk_22/gnu_arcem7d/middleware/vending-machine/source/numpad_task.o
                0x1000bd1c                numpad_task
 .text          0x1000c140     0x2780 obj_emsk_22/gnu_arcem7d/middleware/vending-machine/source/communication_task.o
                0x1000c8c8                communication_task
 .text          0x1000e8c0       0x18 obj_emsk_22/gnu_arcem7d/os/freertos/portable/synopsys/arc/arc_freertos_exceptions.o
                0x1000e8c0                freertos_exc_init
 .text          0x1000e8d8     0x22c4 obj_emsk_22/gnu_arcem7d/os/freertos/tasks.o
                0x1000e8d8                xTaskCreate
                0x1000ec6c                vTaskDelete
                0x1000ed90                vTaskDelayUntil
                0x1000ee60                vTaskDelay
                0x1000eeac                uxTaskPriorityGet
                0x1000ef30                uxTaskPriorityGetFromISR
                0x1000ef74                vTaskPrioritySet
                0x1000f12c                vTaskSuspend
                0x1000f2e0                vTaskResume
                0x1000f3d0                xTaskResumeFromISR
                0x1000f498                vTaskStartScheduler
                0x1000f4fc                vTaskEndScheduler
                0x1000f520                vTaskSuspendAll
                0x1000f540                xTaskResumeAll
                0x1000f6cc                xTaskGetTickCount
                0x1000f734                xTaskGetTickCountFromISR
                0x1000f75c                uxTaskGetNumberOfTasks
                0x1000f774                pcTaskGetName
                0x1000f7ac                xTaskIncrementTick
                0x1000f970                vTaskSwitchContext
                0x1000fa84                vTaskPlaceOnEventList
                0x1000fac0                vTaskPlaceOnUnorderedEventList
                0x1000fb18                xTaskRemoveFromEventList
                0x1000fbe8                xTaskRemoveFromUnorderedEventList
                0x1000fca8                vTaskSetTimeOutState
                0x1000fcdc                xTaskCheckForTimeOut
                0x1000fdd4                vTaskMissedYield
                0x1000fe10                vTaskSetThreadLocalStoragePointer
                0x1000fe68                pvTaskGetThreadLocalStoragePointer
                0x10010080                uxTaskGetStackHighWaterMark
                0x10010158                xTaskGetCurrentTaskHandle
                0x1001017c                vTaskPriorityInherit
                0x10010270                xTaskPriorityDisinherit
                0x1001033c                uxTaskResetEventItemValue
                0x10010378                pvTaskIncrementMutexHeldCount
                0x100103a8                ulTaskNotifyTake
                0x100104d0                xTaskNotifyWait
                0x10010630                xTaskGenericNotify
                0x100107a8                xTaskGenericNotifyFromISR
                0x10010920                vTaskNotifyGiveFromISR
                0x10010a18                xTaskNotifyStateClear
 .text          0x10010b9c      0x1f0 obj_emsk_22/gnu_arcem7d/os/freertos/list.o
                0x10010b9c                vListInitialise
                0x10010bec                vListInitialiseItem
                0x10010c0c                vListInsertEnd
                0x10010c74                vListInsert
                0x10010d18                uxListRemove
 .text          0x10010d8c     0x1148 obj_emsk_22/gnu_arcem7d/os/freertos/queue.o
                0x10010d8c                xQueueGenericReset
                0x10010ea4                xQueueGenericCreate
                0x10010fd8                xQueueCreateMutex
                0x10011020                xQueueGiveMutexRecursive
                0x10011098                xQueueTakeMutexRecursive
                0x1001111c                xQueueCreateCountingSemaphore
                0x10011160                xQueueGenericSend
                0x100113a4                xQueueGenericSendFromISR
                0x1001146c                xQueueGiveFromISR
                0x10011528                xQueueGenericReceive
                0x10011820                xQueueReceiveFromISR
                0x100118e8                xQueuePeekFromISR
                0x10011954                uxQueueMessagesWaiting
                0x100119bc                uxQueueSpacesAvailable
                0x10011a34                uxQueueMessagesWaitingFromISR
                0x10011a58                vQueueDelete
                0x10011de8                xQueueIsQueueEmptyFromISR
                0x10011e9c                xQueueIsQueueFullFromISR
 .text          0x10011ed4      0x300 obj_emsk_22/gnu_arcem7d/arc/arc_timer.o
                0x10011ed4                timer_present
                0x10011f44                timer_start
                0x10012004                timer_stop
                0x100120a4                timer_current
                0x1001212c                timer_int_clear
                0x100121b0                timer_init
 .text          0x100121d4      0x840 obj_emsk_22/gnu_arcem7d/arc/arc_cache.o
                0x100122e0                icache_invalidate_mlines
                0x10012394                icache_lock_mlines
                0x1001245c                icache_direct_write
                0x100124bc                icache_direct_read
                0x1001251c                icache_indirect_read
                0x10012590                dcache_invalidate_mlines
                0x10012650                dcache_flush_mlines
                0x10012710                dcache_lock_mlines
                0x100127dc                dcache_direct_write
                0x1001283c                dcache_direct_read
                0x1001289c                dcache_indirect_read
                0x10012910                arc_cache_init
 .text          0x10012a14      0x984 obj_emsk_22/gnu_arcem7d/arc/arc_exception.o
                0x10012df0                exc_int_init
                0x10012eb0                exc_entry_install
                0x10012f5c                exc_entry_get
                0x10012f8c                exc_handler_install
                0x10012fd0                exc_handler_get
                0x10013000                int_disable
                0x1001303c                int_enable
                0x10013078                int_enabled
                0x100130b4                int_ipm_get
                0x100130d0                int_ipm_set
                0x1001311c                int_pri_get
                0x1001315c                int_pri_set
                0x100131bc                int_secure_set
                0x10013200                int_probe
                0x1001323c                int_sw_trigger
                0x10013278                int_level_config
                0x100132bc                cpu_lock
                0x100132d4                cpu_unlock
                0x100132ec                cpu_lock_save
                0x10013304                cpu_unlock_restore
                0x10013328                int_handler_install
                0x10013364                int_handler_get
 .text          0x10013398      0x358 obj_emsk_22/gnu_arcem7d/arc/arc_exc_asm.o
                0x100135b4                exc_entry_firq
 .text          0x100136f0       0x10 obj_emsk_22/gnu_arcem7d/library/clib/embarc_misc.o
                0x100136f0                gnu_printf_setup
 .text          0x10013700      0x84c obj_emsk_22/gnu_arcem7d/board/emsk/drivers/ip/designware/gpio/dw_gpio_obj.o
                0x10013eb8                gpio_get_dev
                0x10013f28                dw_gpio_all_install
 .text          0x10013f4c      0x5b8 obj_emsk_22/gnu_arcem7d/board/emsk/drivers/ip/designware/uart/dw_uart_obj.o
                0x10014480                uart_get_dev
                0x100144e4                dw_uart_all_install
 .text          0x10014504     0x1094 obj_emsk_22/gnu_arcem7d/device/ip/designware/gpio/dw_gpio.o
                0x10014ac0                dw_gpio_open
                0x10014c38                dw_gpio_close
                0x10014d70                dw_gpio_read
                0x10014e48                dw_gpio_write
                0x10014f00                dw_gpio_control
                0x10015320                dw_gpio_isr_handler
                0x10015464                dw_gpio_bit_isr_handler
 .text          0x10015598     0x1658 obj_emsk_22/gnu_arcem7d/device/ip/designware/uart/dw_uart.o
                0x10015fa8                dw_uart_open
                0x10016180                dw_uart_close
                0x1001628c                dw_uart_control
                0x10016748                dw_uart_write
                0x10016870                dw_uart_read
                0x1001699c                dw_uart_isr
 .text          0x10016bf0      0x484 obj_emsk_22/gnu_arcem7d/device/peripheral/sensor/temperature/adt7420/adt7420.o
                0x10016d88                adt7420_sensor_init
                0x10016e40                adt7420_sensor_deinit
                0x10016ea4                adt7420_sensor_mode
                0x10016f1c                adt7420_sensor_resolution
                0x10016f8c                adt7420_sensor_read
 .text          0x10017074     0x1fa4 obj_emsk_22/gnu_arcem7d/device/peripheral/wifi/rw009/rw009.o
                0x10017cc4                rw009_wnic_get_info
                0x10017d2c                rw009_wnic_control
                0x10017d94                rw009_wnic_init
                0x10017ed0                rw009_poll_init_status
                0x10017f1c                rw009_poll_busy_status
                0x10017f84                rw009_set_network_type
                0x10018018                rw009_set_macaddr
                0x100180bc                rw009_get_macaddr
                0x1001814c                rw009_start_scan
                0x10018250                rw009_stop_scan
                0x100182e4                rw009_poll_scan_status
                0x1001834c                rw009_get_scan_result_cnt
                0x100183c8                rw009_get_scan_result
                0x10018518                rw009_wnic_connect
                0x100186d4                rw009_poll_conn_status
                0x10018768                rw009_wnic_disconnect
                0x1001883c                rw009_prepare_tx
                0x100188b8                rw009_add_tx_data
                0x1001898c                rw009_commit_tx
                0x10018a54                rw009_prepare_rx
                0x10018adc                rw009_get_rx_data
                0x10018bac                rw009_accept_rx
                0x10018c30                rw009_config_power_mode
                0x10018c94                rw009_poll_power_mode
                0x10018d00                rw009_wnic_reset
                0x10018d94                rw009_period_process
                0x10018fc0                rw009_isr
 .text          0x10019018      0x368 obj_emsk_22/gnu_arcem7d/board/emsk/common/emsk_gpio.o
                0x10019018                emsk_gpio_init
                0x10019038                emsk_led_init
                0x100190b8                emsk_button_init
                0x1001912c                emsk_switch_init
                0x100191a0                led_write
                0x10019204                led_toggle
                0x1001924c                led_read
                0x100192b0                switch_read
                0x10019318                button_read
 .text          0x10019380      0x380 obj_emsk_22/gnu_arcem7d/board/emsk/common/emsk_timer.o
                0x10019380                board_timer_update
                0x10019484                emsk_timer_init
                0x100194cc                board_get_hwticks
                0x10019574                board_get_cur_us
                0x10019650                board_delay_ms
 .text          0x10019700      0x100 obj_emsk_22/gnu_arcem7d/board/emsk/drivers/sdcard/emsk_sdcard.o
                0x10019700                diskio_get_fattime
                0x100197b8                get_fatfs_diskio
                0x100197e4                emsk_sdcard_1ms_update
 .text          0x10019800      0x1ec obj_emsk_22/gnu_arcem7d/middleware/fatfs/src/diskio.o
                0x10019800                disk_initialize
                0x10019850                disk_status
                0x100198a0                disk_read
                0x10019908                disk_write
                0x10019970                disk_ioctl
                0x100199d4                get_fattime
 .text          0x100199ec     0x19e4 obj_emsk_22/gnu_arcem7d/middleware/lwip/src/core/pbuf.o
                0x10019b08                pbuf_alloc
                0x10019f48                pbuf_alloced_custom
                0x1001a068                pbuf_realloc
                0x1001a430                pbuf_header
                0x1001a464                pbuf_header_force
                0x1001a498                pbuf_free
                0x1001a650                pbuf_clen
                0x1001a690                pbuf_ref
                0x1001a6d4                pbuf_cat
                0x1001a7d4                pbuf_chain
                0x1001a808                pbuf_dechain
                0x1001a8f0                pbuf_copy
                0x1001ab4c                pbuf_copy_partial
                0x1001ad34                pbuf_skip
                0x1001ad70                pbuf_take
                0x1001af20                pbuf_take_at
                0x1001b00c                pbuf_coalesce
                0x1001b0a8                pbuf_get_at
                0x1001b0f0                pbuf_try_get_at
                0x1001b150                pbuf_put_at
                0x1001b1b8                pbuf_memcmp
                0x1001b2ac                pbuf_memfind
                0x1001b350                pbuf_strstr
 .text          0x1001b3d0     0x12bc obj_emsk_22/gnu_arcem7d/middleware/lwip/src/core/dns.o
                0x1001b3e8                dns_init
                0x1001b41c                dns_setserver
                0x1001b474                dns_getserver
                0x1001b4a8                dns_tmr
                0x1001c588                dns_gethostbyname
                0x1001c5c8                dns_gethostbyname_addrtype
 .text          0x1001c68c      0x9cc obj_emsk_22/gnu_arcem7d/middleware/lwip/src/core/mem.o
                0x1001c870                mem_init
                0x1001c940                mem_free
                0x1001ca74                mem_trim
                0x1001cd34                mem_malloc
                0x1001cffc                mem_calloc
 .text          0x1001d058      0xdac obj_emsk_22/gnu_arcem7d/middleware/lwip/src/core/udp.o
                0x1001d070                udp_init
                0x1001d1b0                udp_input
                0x1001d5e0                udp_send
                0x1001d62c                udp_sendto
                0x1001d6ac                udp_sendto_if
                0x1001d760                udp_sendto_if_src
                0x1001d9d4                udp_bind
                0x1001db34                udp_connect
                0x1001dc20                udp_disconnect
                0x1001dc58                udp_recv
                0x1001dc8c                udp_remove
                0x1001dd20                udp_new
                0x1001dd60                udp_new_ip_type
                0x1001dd88                udp_netif_ip_addr_changed
 .text          0x1001de04      0x330 obj_emsk_22/gnu_arcem7d/middleware/lwip/src/core/def.o
                0x1001de04                lwip_htons
                0x1001de34                lwip_htonl
                0x1001de7c                lwip_strnstr
                0x1001df24                lwip_stricmp
                0x1001dfb0                lwip_strnicmp
                0x1001e050                lwip_itoa
 .text          0x1001e134     0x25b4 obj_emsk_22/gnu_arcem7d/middleware/lwip/src/core/tcp.o
                0x1001e14c                tcp_init
                0x1001e15c                tcp_tmr
                0x1001e5ac                tcp_close
                0x1001e5ec                tcp_shutdown
                0x1001e6a8                tcp_abandon
                0x1001e884                tcp_abort
                0x1001e8a8                tcp_bind
                0x1001ea90                tcp_listen_with_backlog
                0x1001ec60                tcp_update_rcv_ann_wnd
                0x1001ed3c                tcp_recved
                0x1001eef8                tcp_connect
                0x1001f234                tcp_slowtmr
                0x1001f9a8                tcp_fasttmr
                0x1001fa90                tcp_txnow
                0x1001fadc                tcp_process_refused_data
                0x1001fc00                tcp_segs_free
                0x1001fc40                tcp_seg_free
                0x1001fc84                tcp_setprio
                0x1001fcac                tcp_seg_copy
                0x1001fcfc                tcp_recv_null
                0x1001ff70                tcp_alloc
                0x100200e0                tcp_new
                0x100200fc                tcp_new_ip_type
                0x10020128                tcp_arg
                0x10020154                tcp_recv
                0x100201b0                tcp_sent
                0x1002020c                tcp_err
                0x10020268                tcp_accept
                0x100202a8                tcp_poll
                0x1002030c                tcp_pcb_purge
                0x100203b4                tcp_pcb_remove
                0x10020504                tcp_next_iss
                0x10020534                tcp_eff_send_mss_impl
                0x10020618                tcp_netif_ip_addr_changed
                0x100206c4                tcp_debug_state_str
 .text          0x100206e8      0x6d8 obj_emsk_22/gnu_arcem7d/middleware/lwip/src/core/netif.o
                0x10020700                netif_init
                0x10020710                netif_input
                0x10020760                netif_add
                0x10020874                netif_set_addr
                0x100208f8                netif_remove
                0x100209e8                netif_find
                0x10020a7c                netif_set_ipaddr
                0x10020b3c                netif_set_gw
                0x10020b70                netif_set_netmask
                0x10020ba4                netif_set_default
                0x10020bc8                netif_set_up
                0x10020c8c                netif_set_down
                0x10020cf8                netif_set_status_callback
                0x10020d24                netif_set_link_up
                0x10020d84                netif_set_link_down
 .text          0x10020dc0      0x5f8 obj_emsk_22/gnu_arcem7d/middleware/lwip/src/core/timeouts.o
                0x10020e2c                tcp_timer_needed
                0x10020ebc                sys_timeouts_init
                0x10020f24                sys_timeout
                0x1002110c                sys_untimeout
                0x100212cc                sys_restart_timeouts
                0x10021350                sys_timeouts_mbox_fetch
 .text          0x100213b8     0x3640 obj_emsk_22/gnu_arcem7d/middleware/lwip/src/core/tcp_in.o
                0x100213d0                tcp_input
                0x100249d4                tcp_trigger_input_pcb_close
 .text          0x100249f8      0x36c obj_emsk_22/gnu_arcem7d/middleware/lwip/src/core/memp.o
                0x10024a10                memp_init_pool
                0x10024a94                memp_init
                0x10024b64                memp_malloc_pool
                0x10024bbc                memp_malloc
                0x10024c94                memp_free_pool
                0x10024cf8                memp_free
 .text          0x10024d64      0x714 obj_emsk_22/gnu_arcem7d/middleware/lwip/src/core/inet_chksum.o
                0x10024d7c                lwip_standard_chksum
                0x10024fbc                inet_chksum_pseudo
                0x10025074                ip_chksum_pseudo
                0x10025258                inet_chksum_pseudo_partial
                0x1002531c                ip_chksum_pseudo_partial
                0x10025374                inet_chksum
                0x100253a8                inet_chksum_pbuf
 .text          0x10025478      0x640 obj_emsk_22/gnu_arcem7d/middleware/lwip/src/core/ipv4/icmp.o
                0x10025490                icmp_input
                0x100258d0                icmp_dest_unreach
                0x10025900                icmp_time_exceeded
 .text          0x10025ab8      0xb68 obj_emsk_22/gnu_arcem7d/middleware/lwip/src/core/ipv4/ip4.o
                0x10025ad0                ip4_route
                0x10025bd4                ip4_input
                0x1002602c                ip4_output_if
                0x100260bc                ip4_output_if_src
                0x10026580                ip4_output
 .text          0x10026620      0x5fc obj_emsk_22/gnu_arcem7d/middleware/lwip/src/core/ipv4/ip4_addr.o
                0x10026638                ip4_addr_isbroadcast_u32
                0x100266d8                ip4_addr_netmask_valid
                0x10026758                ipaddr_addr
                0x10026790                ip4addr_aton
                0x10026ab0                ip4addr_ntoa
                0x10026adc                ip4addr_ntoa_r
 .text          0x10026c1c     0x1460 obj_emsk_22/gnu_arcem7d/middleware/lwip/src/core/ipv4/etharp.o
                0x10026d14                etharp_tmr
                0x10027300                etharp_cleanup_netif
                0x10027378                etharp_find_addr
                0x10027438                etharp_get_entry
                0x10027544                etharp_input
                0x100278c4                etharp_output
                0x10027b1c                etharp_query
                0x10028048                etharp_request
 .text          0x1002807c     0x2ca0 obj_emsk_22/gnu_arcem7d/middleware/lwip/src/core/ipv4/dhcp.o
                0x10028534                dhcp_coarse_tmr
                0x10028624                dhcp_fine_tmr
                0x10028a14                dhcp_set_struct
                0x10028abc                dhcp_cleanup
                0x10028b1c                dhcp_start
                0x10028c88                dhcp_inform
                0x10028d84                dhcp_network_changed
                0x10028df4                dhcp_arp_reply
                0x100293a4                dhcp_renew
                0x10029844                dhcp_release
                0x100299bc                dhcp_stop
                0x1002acc8                dhcp_supplied_address
 .text          0x1002ad1c     0x1460 obj_emsk_22/gnu_arcem7d/middleware/lwip/src/core/ipv4/ip4_frag.o
                0x1002ad34                ip_reass_tmr
                0x1002b890                ip4_reass
                0x1002bdb8                ip4_frag
 .text          0x1002c17c      0x278 obj_emsk_22/gnu_arcem7d/middleware/lwip/src/netif/ethernet.o
                0x1002c194                ethernet_input
                0x1002c30c                ethernet_output
 .text          0x1002c3f4      0x57c obj_emsk_22/gnu_arcem7d/middleware/lwip/src/api/tcpip.o
                0x1002c524                tcpip_inpkt
                0x1002c5d0                tcpip_input
                0x1002c628                tcpip_callback_with_block
                0x1002c6e4                tcpip_send_msg_wait_sem
                0x1002c728                tcpip_api_call
                0x1002c770                tcpip_callbackmsg_new
                0x1002c7c4                tcpip_callbackmsg_delete
                0x1002c7e8                tcpip_trycallback
                0x1002c83c                tcpip_init
                0x1002c918                pbuf_free_callback
                0x1002c944                mem_free_callback
 .text          0x1002c970      0xe38 obj_emsk_22/gnu_arcem7d/middleware/mbedtls/library/ctr_drbg.o
                0x1002c9b4                mbedtls_ctr_drbg_init
                0x1002c9f0                mbedtls_ctr_drbg_seed_entropy_len
                0x1002caa4                mbedtls_ctr_drbg_seed
                0x1002caec                mbedtls_ctr_drbg_free
                0x1002cb3c                mbedtls_ctr_drbg_set_prediction_resistance
                0x1002cb60                mbedtls_ctr_drbg_set_entropy_len
                0x1002cb84                mbedtls_ctr_drbg_set_reseed_interval
                0x1002cfb4                mbedtls_ctr_drbg_update
                0x1002d010                mbedtls_ctr_drbg_reseed
                0x1002d110                mbedtls_ctr_drbg_random_with_add
                0x1002d2b8                mbedtls_ctr_drbg_random
                0x1002d344                mbedtls_ctr_drbg_write_seed_file
                0x1002d3e8                mbedtls_ctr_drbg_update_seed_file
                0x1002d51c                mbedtls_ctr_drbg_self_test
 .text          0x1002d7a8     0x41bc obj_emsk_22/gnu_arcem7d/middleware/mbedtls/library/x509_crt.o
                0x1002e96c                mbedtls_x509_crt_parse_der
                0x1002ea94                mbedtls_x509_crt_parse
                0x1002ec94                mbedtls_x509_crt_parse_file
                0x1002ed0c                mbedtls_x509_crt_parse_path
                0x1002f83c                mbedtls_x509_crt_info
                0x100301bc                mbedtls_x509_crt_verify_info
                0x10030304                mbedtls_x509_crt_check_key_usage
                0x100303ac                mbedtls_x509_crt_check_extended_key_usage
                0x1003047c                mbedtls_x509_crt_is_revoked
                0x1003135c                mbedtls_x509_crt_verify
                0x100313b8                mbedtls_x509_crt_verify_with_profile
                0x10031784                mbedtls_x509_crt_init
                0x100317ac                mbedtls_x509_crt_free
 .text          0x10031964     0x1ab8 obj_emsk_22/gnu_arcem7d/middleware/mbedtls/library/x509.o
                0x10031964                mbedtls_x509_get_serial
                0x10031a2c                mbedtls_x509_get_alg_null
                0x10031a78                mbedtls_x509_get_alg
                0x10031bfc                mbedtls_x509_get_rsassa_pss_params
                0x10032114                mbedtls_x509_get_name
                0x100323e0                mbedtls_x509_get_time
                0x10032728                mbedtls_x509_get_sig
                0x100327cc                mbedtls_x509_get_sig_alg
                0x100328c4                mbedtls_x509_get_ext
                0x100329a8                mbedtls_x509_dn_gets
                0x10032c40                mbedtls_x509_serial_gets
                0x10032dc0                mbedtls_x509_sig_alg_gets
                0x10032f68                mbedtls_x509_key_size_helper
                0x10033250                mbedtls_x509_time_is_past
                0x10033290                mbedtls_x509_time_is_future
                0x100332d0                mbedtls_x509_self_test
 .text          0x1003341c      0x274 obj_emsk_22/gnu_arcem7d/middleware/mbedtls/library/ssl_ciphersuites.o
                0x1003341c                mbedtls_ssl_list_ciphersuites
                0x100334c4                mbedtls_ssl_ciphersuite_from_string
                0x1003352c                mbedtls_ssl_ciphersuite_from_id
                0x10033578                mbedtls_ssl_get_ciphersuite_name
                0x100335b8                mbedtls_ssl_get_ciphersuite_id
                0x100335f4                mbedtls_ssl_get_ciphersuite_sig_pk_alg
                0x10033630                mbedtls_ssl_ciphersuite_uses_ec
                0x10033664                mbedtls_ssl_ciphersuite_uses_psk
 .text          0x10033690        0x0 obj_emsk_22/gnu_arcem7d/middleware/mbedtls/library/certs.o
 .text          0x10033690       0xac obj_emsk_22/gnu_arcem7d/middleware/mbedtls/library/threading.o
                0x10033690                mbedtls_threading_set_alt
                0x10033708                mbedtls_threading_free_alt
 .text          0x1003373c      0x8b8 obj_emsk_22/gnu_arcem7d/middleware/mbedtls/library/pk.o
                0x100337c8                mbedtls_pk_init
                0x100337fc                mbedtls_pk_free
                0x10033848                mbedtls_pk_info_from_type
                0x10033898                mbedtls_pk_setup
                0x10033908                mbedtls_pk_setup_rsa_alt
                0x100339bc                mbedtls_pk_can_do
                0x10033a58                mbedtls_pk_verify
                0x10033af8                mbedtls_pk_verify_ext
                0x10033c40                mbedtls_pk_sign
                0x10033cf0                mbedtls_pk_decrypt
                0x10033d8c                mbedtls_pk_encrypt
                0x10033e28                mbedtls_pk_check_pair
                0x10033ed8                mbedtls_pk_get_bitlen
                0x10033f1c                mbedtls_pk_debug
                0x10033f80                mbedtls_pk_get_name
                0x10033fbc                mbedtls_pk_get_type
 .text          0x10033ff4      0x9b8 obj_emsk_22/gnu_arcem7d/middleware/mbedtls/library/asn1parse.o
                0x10034038                mbedtls_asn1_get_len
                0x10034228                mbedtls_asn1_get_tag
                0x1003429c                mbedtls_asn1_get_bool
                0x1003431c                mbedtls_asn1_get_int
                0x100343d0                mbedtls_asn1_get_mpi
                0x10034448                mbedtls_asn1_get_bitstring
                0x10034518                mbedtls_asn1_get_bitstring_null
                0x10034598                mbedtls_asn1_get_sequence_of
                0x100346d0                mbedtls_asn1_get_alg
                0x10034834                mbedtls_asn1_get_alg_null
                0x100348b0                mbedtls_asn1_free_named_data
                0x100348f8                mbedtls_asn1_free_named_data_list
                0x10034944                mbedtls_asn1_find_named_data
 .text          0x100349ac     0x3690 obj_emsk_22/gnu_arcem7d/middleware/mbedtls/library/rsa.o
                0x100349ac                mbedtls_rsa_init
                0x10034a00                mbedtls_rsa_set_padding
                0x10034a38                mbedtls_rsa_gen_key
                0x10034da8                mbedtls_rsa_check_pubkey
                0x10034e70                mbedtls_rsa_check_privkey
                0x10035288                mbedtls_rsa_check_pub_priv
                0x10035310                mbedtls_rsa_public
                0x10035644                mbedtls_rsa_private
                0x10035ac8                mbedtls_rsa_rsaes_oaep_encrypt
                0x10035d40                mbedtls_rsa_rsaes_pkcs1_v15_encrypt
                0x10035f18                mbedtls_rsa_pkcs1_encrypt
                0x10035fb4                mbedtls_rsa_rsaes_oaep_decrypt
                0x100363bc                mbedtls_rsa_rsaes_pkcs1_v15_decrypt
                0x1003672c                mbedtls_rsa_pkcs1_decrypt
                0x100367d4                mbedtls_rsa_rsassa_pss_sign
                0x10036aec                mbedtls_rsa_rsassa_pkcs1_v15_sign
                0x10036e98                mbedtls_rsa_pkcs1_sign
                0x10036f38                mbedtls_rsa_rsassa_pss_verify_ext
                0x1003736c                mbedtls_rsa_rsassa_pss_verify
                0x100373f0                mbedtls_rsa_rsassa_pkcs1_v15_verify
                0x10037830                mbedtls_rsa_pkcs1_verify
                0x100378d0                mbedtls_rsa_copy
                0x10037b30                mbedtls_rsa_free
                0x10037c68                mbedtls_rsa_self_test
 .text          0x1003803c      0xbd8 obj_emsk_22/gnu_arcem7d/middleware/mbedtls/library/oid.o
                0x100380d8                mbedtls_oid_get_attr_short_name
                0x100381bc                mbedtls_oid_get_x509_ext_type
                0x100382a0                mbedtls_oid_get_extended_key_usage
                0x10038384                mbedtls_oid_get_sig_alg_desc
                0x100383cc                mbedtls_oid_get_sig_alg
                0x10038424                mbedtls_oid_get_oid_by_sig_alg
                0x10038540                mbedtls_oid_get_pk_alg
                0x10038588                mbedtls_oid_get_oid_by_pk_alg
                0x10038694                mbedtls_oid_get_ec_grp
                0x100386dc                mbedtls_oid_get_oid_by_ec_grp
                0x100387e8                mbedtls_oid_get_cipher_alg
                0x100388cc                mbedtls_oid_get_md_alg
                0x10038914                mbedtls_oid_get_oid_by_md
                0x10038a20                mbedtls_oid_get_pkcs12_pbe_alg
                0x10038a78                mbedtls_oid_get_numeric_string
 .text          0x10038c14     0x29f4 obj_emsk_22/gnu_arcem7d/middleware/mbedtls/library/sha1.o
                0x10038c58                mbedtls_sha1_init
                0x10038c80                mbedtls_sha1_free
                0x10038cb0                mbedtls_sha1_clone
                0x10038ce4                mbedtls_sha1_starts
                0x10038d48                mbedtls_sha1_process
                0x1003b06c                mbedtls_sha1_update
                0x1003b1a0                mbedtls_sha1_finish
                0x1003b404                mbedtls_sha1
                0x1003b464                mbedtls_sha1_self_test
 .text          0x1003b608     0x1f2c obj_emsk_22/gnu_arcem7d/middleware/mbedtls/library/pkparse.o
                0x1003b68c                mbedtls_pk_load_file
                0x1003b7dc                mbedtls_pk_parse_keyfile
                0x1003b89c                mbedtls_pk_parse_public_keyfile
                0x1003c298                mbedtls_pk_parse_subpubkey
                0x1003cf50                mbedtls_pk_parse_key
                0x1003d448                mbedtls_pk_parse_public_key
 .text          0x1003d534     0xc63c obj_emsk_22/gnu_arcem7d/middleware/mbedtls/library/ssl_tls.o
                0x1003e270                mbedtls_ssl_derive_keys
                0x1003f2fc                mbedtls_ssl_psk_derive_premaster
                0x10041170                mbedtls_ssl_fetch_input
                0x100417a8                mbedtls_ssl_flush_output
                0x10041ce8                mbedtls_ssl_resend
                0x10041ec8                mbedtls_ssl_recv_flight_completed
                0x10041f60                mbedtls_ssl_send_flight_completed
                0x10041fd0                mbedtls_ssl_write_record
                0x10042be4                mbedtls_ssl_prepare_handshake_record
                0x10042ec8                mbedtls_ssl_update_handshake_status
                0x100430d0                mbedtls_ssl_dtls_replay_check
                0x10043208                mbedtls_ssl_dtls_replay_update
                0x10043e58                mbedtls_ssl_read_record
                0x10043f54                mbedtls_ssl_read_record_layer
                0x1004434c                mbedtls_ssl_handle_message_type
                0x100444e8                mbedtls_ssl_send_fatal_handshake_failure
                0x10044524                mbedtls_ssl_send_alert_message
                0x10044610                mbedtls_ssl_write_certificate
                0x100449bc                mbedtls_ssl_parse_certificate
                0x10045254                mbedtls_ssl_write_change_cipher_spec
                0x10045314                mbedtls_ssl_parse_change_cipher_spec
                0x10045500                mbedtls_ssl_optimize_checksum
                0x10045598                mbedtls_ssl_reset_checksum
                0x10045f68                mbedtls_ssl_handshake_wrapup
                0x100460ec                mbedtls_ssl_write_finished
                0x100463d4                mbedtls_ssl_parse_finished
                0x1004674c                mbedtls_ssl_session_init
                0x10046988                mbedtls_ssl_init
                0x100469b0                mbedtls_ssl_setup
                0x10046e04                mbedtls_ssl_session_reset
                0x10046e2c                mbedtls_ssl_conf_endpoint
                0x10046e64                mbedtls_ssl_conf_transport
                0x10046ea0                mbedtls_ssl_conf_dtls_anti_replay
                0x10046edc                mbedtls_ssl_conf_dtls_badmac_limit
                0x10046f04                mbedtls_ssl_conf_handshake_timeout
                0x10046f3c                mbedtls_ssl_conf_authmode
                0x10046f78                mbedtls_ssl_conf_verify
                0x10046fac                mbedtls_ssl_conf_rng
                0x10046fe0                mbedtls_ssl_conf_dbg
                0x10047014                mbedtls_ssl_set_bio
                0x10047064                mbedtls_ssl_conf_read_timeout
                0x1004708c                mbedtls_ssl_set_timer_cb
                0x100470dc                mbedtls_ssl_conf_session_cache
                0x1004711c                mbedtls_ssl_set_session
                0x100471a4                mbedtls_ssl_conf_ciphersuites
                0x100471e8                mbedtls_ssl_conf_ciphersuites_for_version
                0x10047240                mbedtls_ssl_conf_cert_profile
                0x10047304                mbedtls_ssl_conf_own_cert
                0x10047340                mbedtls_ssl_conf_ca_chain
                0x10047374                mbedtls_ssl_set_hs_own_cert
                0x100473b4                mbedtls_ssl_set_hs_ca_chain
                0x100473f0                mbedtls_ssl_set_hs_authmode
                0x10047418                mbedtls_ssl_conf_psk
                0x100475a0                mbedtls_ssl_set_hs_psk
                0x10047668                mbedtls_ssl_conf_psk_cb
                0x1004769c                mbedtls_ssl_conf_dh_param
                0x10047724                mbedtls_ssl_conf_dh_param_ctx
                0x100477ac                mbedtls_ssl_conf_dhm_min_bitlen
                0x100477d4                mbedtls_ssl_conf_sig_hashes
                0x100477f8                mbedtls_ssl_conf_curves
                0x1004781c                mbedtls_ssl_set_hostname
                0x100478d8                mbedtls_ssl_conf_sni
                0x1004790c                mbedtls_ssl_conf_alpn_protocols
                0x100479a4                mbedtls_ssl_get_alpn_protocol
                0x100479c4                mbedtls_ssl_conf_max_version
                0x10047a00                mbedtls_ssl_conf_min_version
                0x10047a3c                mbedtls_ssl_conf_fallback
                0x10047a78                mbedtls_ssl_conf_encrypt_then_mac
                0x10047ab4                mbedtls_ssl_conf_extended_master_secret
                0x10047af0                mbedtls_ssl_conf_arc4_support
                0x10047b2c                mbedtls_ssl_conf_max_frag_len
                0x10047b90                mbedtls_ssl_conf_truncated_hmac
                0x10047bc8                mbedtls_ssl_conf_cbc_record_splitting
                0x10047c04                mbedtls_ssl_conf_legacy_renegotiation
                0x10047c40                mbedtls_ssl_conf_renegotiation
                0x10047c7c                mbedtls_ssl_conf_renegotiation_enforced
                0x10047ca4                mbedtls_ssl_conf_renegotiation_period
                0x10047cd8                mbedtls_ssl_conf_session_tickets
                0x10047d10                mbedtls_ssl_conf_session_tickets_cb
                0x10047d50                mbedtls_ssl_conf_export_keys_cb
                0x10047d84                mbedtls_ssl_get_bytes_avail
                0x10047db0                mbedtls_ssl_get_verify_result
                0x10047df0                mbedtls_ssl_get_ciphersuite
                0x10047e30                mbedtls_ssl_get_version
                0x10047ec4                mbedtls_ssl_get_record_expansion
                0x10047f84                mbedtls_ssl_get_max_frag_len
                0x10047ffc                mbedtls_ssl_get_peer_cert
                0x10048034                mbedtls_ssl_get_session
                0x1004809c                mbedtls_ssl_handshake_step
                0x1004811c                mbedtls_ssl_handshake
                0x10048374                mbedtls_ssl_renegotiate
                0x10048554                mbedtls_ssl_read
                0x10048df8                mbedtls_ssl_write
                0x10048f04                mbedtls_ssl_close_notify
                0x10048fd4                mbedtls_ssl_transform_free
                0x1004907c                mbedtls_ssl_handshake_free
                0x100491a8                mbedtls_ssl_session_free
                0x10049204                mbedtls_ssl_free
                0x100493ac                mbedtls_ssl_config_init
                0x100493d4                mbedtls_ssl_config_defaults
                0x1004962c                mbedtls_ssl_config_free
                0x100496e4                mbedtls_ssl_sig_from_pk
                0x1004972c                mbedtls_ssl_pk_alg_from_sig
                0x1004975c                mbedtls_ssl_md_alg_from_hash
                0x100497a8                mbedtls_ssl_hash_from_md_alg
                0x100497f0                mbedtls_ssl_check_curve
                0x10049854                mbedtls_ssl_check_sig_hash
                0x100498b8                mbedtls_ssl_check_cert_usage
                0x100499b8                mbedtls_ssl_write_version
                0x10049a38                mbedtls_ssl_read_version
                0x10049ac0                mbedtls_ssl_set_calc_verify_md
 .text          0x10049b70     0x1144 obj_emsk_22/gnu_arcem7d/middleware/mbedtls/library/dhm.o
                0x10049d3c                mbedtls_dhm_init
                0x10049d64                mbedtls_dhm_read_params
                0x10049e30                mbedtls_dhm_make_params
                0x1004a114                mbedtls_dhm_read_public
                0x1004a18c                mbedtls_dhm_make_public
                0x1004a5bc                mbedtls_dhm_calc_secret
                0x1004a7cc                mbedtls_dhm_free
                0x1004a868                mbedtls_dhm_parse_dhm
                0x1004aba8                mbedtls_dhm_parse_dhmfile
                0x1004ac20                mbedtls_dhm_self_test
 .text          0x1004acb4     0x1770 obj_emsk_22/gnu_arcem7d/middleware/mbedtls/library/cipher.o
                0x1004ad7c                mbedtls_cipher_list
                0x1004adf4                mbedtls_cipher_info_from_type
                0x1004ae44                mbedtls_cipher_info_from_string
                0x1004aeb0                mbedtls_cipher_info_from_values
                0x1004af2c                mbedtls_cipher_init
                0x1004af54                mbedtls_cipher_free
                0x1004afa0                mbedtls_cipher_setup
                0x1004b020                mbedtls_cipher_setkey
                0x1004b118                mbedtls_cipher_set_iv
                0x1004b1c8                mbedtls_cipher_reset
                0x1004b204                mbedtls_cipher_update_ad
                0x1004b288                mbedtls_cipher_update
                0x1004bd18                mbedtls_cipher_finish
                0x1004befc                mbedtls_cipher_set_padding_mode
                0x1004bfdc                mbedtls_cipher_write_tag
                0x1004c05c                mbedtls_cipher_check_tag
                0x1004c150                mbedtls_cipher_crypt
                0x1004c22c                mbedtls_cipher_auth_encrypt
                0x1004c310                mbedtls_cipher_auth_decrypt
 .text          0x1004c424     0x3a70 obj_emsk_22/gnu_arcem7d/middleware/mbedtls/library/sha512.o
                0x1004c468                mbedtls_sha512_init
                0x1004c490                mbedtls_sha512_free
                0x1004c4c0                mbedtls_sha512_clone
                0x1004c4f4                mbedtls_sha512_starts
                0x1004c6c8                mbedtls_sha512_process
                0x1004eddc                mbedtls_sha512_update
                0x1004ef40                mbedtls_sha512_finish
                0x1004fc18                mbedtls_sha512
                0x1004fc84                mbedtls_sha512_self_test
 .text          0x1004fe94      0xab8 obj_emsk_22/gnu_arcem7d/middleware/mbedtls/library/entropy.o
                0x1004fed8                mbedtls_entropy_init
                0x1004ff60                mbedtls_entropy_free
                0x1004ffac                mbedtls_entropy_add_source
                0x10050158                mbedtls_entropy_update_manual
                0x10050314                mbedtls_entropy_gather
                0x1005038c                mbedtls_entropy_func
                0x10050564                mbedtls_entropy_write_seed_file
                0x10050604                mbedtls_entropy_update_seed_file
                0x1005073c                mbedtls_entropy_self_test
 .text          0x1005094c     0x2adc obj_emsk_22/gnu_arcem7d/middleware/mbedtls/library/aes.o
                0x10050ed8                mbedtls_aes_init
                0x10050f00                mbedtls_aes_free
                0x10050f30                mbedtls_aes_setkey_enc
                0x10051468                mbedtls_aes_setkey_dec
                0x100516b0                mbedtls_aes_encrypt
                0x10051ec4                mbedtls_aes_decrypt
                0x100526d8                mbedtls_aes_crypt_ecb
                0x1005272c                mbedtls_aes_crypt_cbc
                0x100528b8                mbedtls_aes_crypt_cfb128
                0x10052a08                mbedtls_aes_crypt_cfb8
                0x10052ad0                mbedtls_aes_crypt_ctr
                0x10052bc8                mbedtls_aes_self_test
 .text          0x10053428      0xcf4 obj_emsk_22/gnu_arcem7d/middleware/mbedtls/library/debug.o
                0x10053428                mbedtls_debug_set_threshold
                0x100534c4                mbedtls_debug_print_msg
                0x100535b4                mbedtls_debug_print_ret
                0x10053660                mbedtls_debug_print_buf
                0x10053928                mbedtls_debug_print_ecp
                0x10053a00                mbedtls_debug_print_mpi
                0x10053f5c                mbedtls_debug_print_crt
 .text          0x1005411c     0x2fe0 obj_emsk_22/gnu_arcem7d/middleware/mbedtls/library/havege.o
                0x10056fb4                mbedtls_havege_init
                0x10056fe8                mbedtls_havege_free
                0x1005701c                mbedtls_havege_random
 .text          0x100570fc       0xc0 obj_emsk_22/gnu_arcem7d/middleware/mbedtls/library/entropy_poll.o
                0x100570fc                mbedtls_hardclock_poll
                0x1005715c                mbedtls_havege_poll
 .text          0x100571bc     0x1758 obj_emsk_22/gnu_arcem7d/middleware/mbedtls/library/error.o
                0x100571bc                mbedtls_strerror
 .text          0x10058914      0xc14 obj_emsk_22/gnu_arcem7d/middleware/mbedtls/library/pem.o
                0x10058958                mbedtls_pem_init
                0x10058da4                mbedtls_pem_read_buffer
                0x100592f8                mbedtls_pem_free
                0x10059334                mbedtls_pem_write_buffer
 .text          0x10059528      0x9f8 obj_emsk_22/gnu_arcem7d/middleware/mbedtls/library/pkcs12.o
                0x100597c0                mbedtls_pkcs12_pbe_sha1_rc4_128
                0x10059888                mbedtls_pkcs12_pbe
                0x10059ad0                mbedtls_pkcs12_derivation
 .text          0x10059f20      0x170 obj_emsk_22/gnu_arcem7d/middleware/mbedtls/embarc/threading_alt.o
                0x10059f20                threading_mutex_init_freertos
                0x10059f74                threading_mutex_free_freertos
                0x10059fcc                threading_mutex_lock_freertos
                0x1005a02c                threading_mutex_unlock_freertos
 .text          0x1005a090      0x1a0 obj_emsk_22/gnu_arcem7d/middleware/mbedtls/embarc/timing_alt.o
                0x1005a090                mbedtls_timing_hardclock
                0x1005a0a8                mbedtls_timing_get_timer
                0x1005a120                mbedtls_set_alarm
                0x1005a170                mbedtls_timing_set_delay
                0x1005a1c4                mbedtls_timing_get_delay
 .text          0x1005a230      0x98c obj_emsk_22/gnu_arcem7d/middleware/mbedtls/embarc/net_alt.o
                0x1005a240                mbedtls_net_init
                0x1005a260                mbedtls_net_connect
                0x1005a3a8                mbedtls_net_bind
                0x1005a5bc                mbedtls_net_accept
                0x1005a7e4                mbedtls_net_set_block
                0x1005a82c                mbedtls_net_set_nonblock
                0x1005a874                mbedtls_net_usleep
                0x1005a8d0                mbedtls_net_recv
                0x1005a980                mbedtls_net_recv_timeout
                0x1005aac4                mbedtls_net_send
                0x1005ab74                mbedtls_net_free
 .text          0x1005abbc      0x4a4 obj_emsk_22/gnu_arcem7d/middleware/u8glib/csrc/u8g_com_embarc_ssd1306_spi.o
                0x1005ae78                u8g_com_embarc_ssd_spi_fn_sel
                0x1005b018                u8g_com_embarc_ssd_spi_fn
 .text          0x1005b060      0x264 obj_emsk_22/gnu_arcem7d/middleware/u8glib/csrc/u8g_dev_embarc_ssd1306_128x64.o
                0x1005b060                u8g_dev_ssd1306_128x64_fn
                0x1005b178                u8g_dev_ssd1306_128x64_2x_fn
 .text          0x1005b2c4      0x328 obj_emsk_22/gnu_arcem7d/middleware/u8glib/csrc/u8g_pb.o
                0x1005b2c4                u8g_pb_Clear
                0x1005b318                u8g_pb_IsYIntersection
                0x1005b3d0                u8g_pb_IsXIntersection
                0x1005b434                u8g_pb_IsIntersection
                0x1005b4d4                u8g_pb_GetPageBox
                0x1005b52c                u8g_pb_Is8PixelVisible
                0x1005b5a8                u8g_pb_WriteBuffer
 .text          0x1005b5ec      0x43c obj_emsk_22/gnu_arcem7d/middleware/u8glib/csrc/u8g_pb16v1.o
                0x1005b5ec                u8g_pb16v1_Clear
                0x1005b644                u8g_pb16v1_Init
                0x1005b684                u8g_pb16v1_set_pixel
                0x1005b744                u8g_pb16v1_SetPixel
                0x1005b7c4                u8g_pb16v1_Set8PixelStd
                0x1005b878                u8g_pb16v1_Set8PixelOpt2
                0x1005b944                u8g_dev_pb16v1_base_fn
 .text          0x1005ba28     0x24c8 obj_emsk_22/gnu_arcem7d/middleware/u8glib/csrc/u8g_font.o
                0x1005bbc0                u8g_font_GetCapitalAHeight
                0x1005bbe8                u8g_font_GetEncoding65Pos
                0x1005bc10                u8g_font_GetEncoding97Pos
                0x1005bc38                u8g_font_GetFontStartEncoding
                0x1005bc60                u8g_font_GetFontEndEncoding
                0x1005bc88                u8g_font_GetLowerGDescent
                0x1005bcb0                u8g_font_GetFontAscent
                0x1005bcd8                u8g_font_GetFontDescent
                0x1005bd00                u8g_font_GetFontXAscent
                0x1005bd28                u8g_font_GetFontXDescent
                0x1005bd80                u8g_font_GetSize
                0x1005be68                u8g_GetFontBBXWidth
                0x1005be90                u8g_GetFontBBXHeight
                0x1005beb8                u8g_GetFontBBXOffX
                0x1005bee0                u8g_GetFontBBXOffY
                0x1005bf08                u8g_GetFontCapitalAHeight
                0x1005c084                u8g_GetGlyph
                0x1005c240                u8g_IsGlyph
                0x1005c27c                u8g_GetGlyphDeltaX
                0x1005c2bc                u8g_draw_glyph
                0x1005c468                u8g_DrawGlyph
                0x1005c4cc                u8g_draw_glyph90
                0x1005c664                u8g_DrawGlyph90
                0x1005c6c8                u8g_draw_glyph180
                0x1005c870                u8g_DrawGlyph180
                0x1005c8d4                u8g_draw_glyph270
                0x1005ca90                u8g_DrawGlyph270
                0x1005caf4                u8g_DrawStr
                0x1005cb9c                u8g_DrawStr90
                0x1005cc44                u8g_DrawStr180
                0x1005ccec                u8g_DrawStr270
                0x1005cd94                u8g_DrawStrDir
                0x1005ce54                u8g_DrawStrP
                0x1005cf00                u8g_DrawStr90P
                0x1005cfac                u8g_DrawStr180P
                0x1005d058                u8g_DrawStr270P
                0x1005d104                u8g_DrawStrFontBBX
                0x1005d180                u8g_DrawGlyphFontBBX
                0x1005d200                u8g_UpdateRefHeight
                0x1005d334                u8g_SetFontRefHeightText
                0x1005d360                u8g_SetFontRefHeightExtendedText
                0x1005d38c                u8g_SetFontRefHeightAll
                0x1005d3b8                u8g_SetFontLineSpacingFactor
                0x1005d3ec                u8g_font_calc_vref_font
                0x1005d404                u8g_SetFontPosBaseline
                0x1005d428                u8g_font_calc_vref_bottom
                0x1005d448                u8g_SetFontPosBottom
                0x1005d46c                u8g_font_calc_vref_top
                0x1005d49c                u8g_SetFontPosTop
                0x1005d4c0                u8g_font_calc_vref_center
                0x1005d524                u8g_SetFontPosCenter
                0x1005d548                u8g_font_get_char
                0x1005d564                u8g_font_get_charP
                0x1005d580                u8g_font_calc_str_pixel_width
                0x1005d67c                u8g_GetStrPixelWidth
                0x1005d6b0                u8g_GetStrPixelWidthP
                0x1005d6e4                u8g_GetStrX
                0x1005d71c                u8g_GetStrXP
                0x1005d754                u8g_GetStrWidth
                0x1005d7c0                u8g_GetStrWidthP
                0x1005d998                u8g_font_box_min
                0x1005d9cc                u8g_font_box_left_gA
                0x1005d9ec                u8g_font_box_all_gA
                0x1005dab8                u8g_GetStrMinBox
                0x1005db34                u8g_GetStrAMinBox
                0x1005dbd8                u8g_SetFont
                0x1005dc20                u8g_draw_aa_glyph
                0x1005ddcc                u8g_DrawAAGlyph
                0x1005de30                u8g_DrawAAStr
 .text          0x1005def0      0x3c8 obj_emsk_22/gnu_arcem7d/middleware/u8glib/csrc/u8g_pb8v1.o
                0x1005def0                u8g_pb8v1_Init
                0x1005df30                u8g_pb8v1_set_pixel
                0x1005dfd4                u8g_pb8v1_SetPixel
                0x1005e054                u8g_pb8v1_Set8PixelStd
                0x1005e108                u8g_pb8v1_Set8PixelOpt2
                0x1005e1d4                u8g_dev_pb8v1_base_fn
 .text          0x1005e2b8      0x884 obj_emsk_22/gnu_arcem7d/middleware/u8glib/csrc/u8g_rect.o
                0x1005e2b8                u8g_draw_hline
                0x1005e374                u8g_draw_vline
                0x1005e430                u8g_DrawHLine
                0x1005e498                u8g_DrawVLine
                0x1005e500                u8g_DrawFrame
                0x1005e5ec                u8g_draw_box
                0x1005e658                u8g_DrawBox
                0x1005e6d0                u8g_DrawRFrame
                0x1005e914                u8g_DrawRBox
 .text          0x1005eb3c      0xbc0 obj_emsk_22/gnu_arcem7d/middleware/u8glib/csrc/u8g_ll_api.o
                0x1005eb3c                u8g_call_dev_fn
                0x1005eb80                u8g_InitLL
                0x1005ebd8                u8g_FirstPageLL
                0x1005ec3c                u8g_NextPageLL
                0x1005ecb0                u8g_SetContrastLL
                0x1005ece8                u8g_DrawPixelLL
                0x1005ed40                u8g_Draw8PixelLL
                0x1005edbc                u8g_Draw4TPixelLL
                0x1005ee38                u8g_GetWidthLL
                0x1005ee70                u8g_GetHeightLL
                0x1005eea8                u8g_GetModeLL
                0x1005eed8                u8g_UpdateDimension
                0x1005eff8                u8g_Begin
                0x1005f038                u8g_Init
                0x1005f074                u8g_InitComFn
                0x1005f0c0                u8g_FirstPage
                0x1005f0ec                u8g_NextPage
                0x1005f130                u8g_SetContrast
                0x1005f168                u8g_SleepOn
                0x1005f198                u8g_SleepOff
                0x1005f1c8                u8g_DrawPixel
                0x1005f20c                u8g_Draw8Pixel
                0x1005f268                u8g_Draw4TPixel
                0x1005f2c4                u8g_Draw8ColorPixel
                0x1005f348                u8g_SetColorEntry
                0x1005f3bc                u8g_SetColorIndex
                0x1005f3e4                u8g_SetHiColor
                0x1005f420                u8g_SetHiColorByRGB
                0x1005f4cc                u8g_SetRGB
                0x1005f598                u8g_GetColorIndex
                0x1005f5b8                u8g_GetDefaultForegroundColor
                0x1005f5f8                u8g_SetDefaultForegroundColor
                0x1005f648                u8g_GetDefaultBackgroundColor
                0x1005f660                u8g_SetDefaultBackgroundColor
                0x1005f690                u8g_GetDefaultMidColor
                0x1005f6cc                u8g_SetDefaultMidColor
 .text          0x1005f6fc       0x8c obj_emsk_22/gnu_arcem7d/middleware/u8glib/csrc/u8g_delay.o
                0x1005f6fc                u8g_Delay
                0x1005f750                u8g_MicroDelay
                0x1005f76c                u8g_10MicroDelay
 .text          0x1005f788      0x170 obj_emsk_22/gnu_arcem7d/middleware/u8glib/csrc/u8g_clip.o
                0x1005f788                u8g_IsBBXIntersection
 .text          0x1005f8f8      0x1fc obj_emsk_22/gnu_arcem7d/middleware/u8glib/csrc/u8g_line.o
                0x1005f8f8                u8g_DrawLine
 .text          0x1005faf4       0x60 obj_emsk_22/gnu_arcem7d/middleware/u8glib/csrc/u8g_state.o
                0x1005faf4                u8g_state_dummy_cb
                0x1005fb0c                u8g_SetHardwareBackup
                0x1005fb3c                u8g_backup_spi
 .text          0x1005fb54      0x728 obj_emsk_22/gnu_arcem7d/middleware/u8glib/csrc/u8g_circle.o
                0x1005fce4                u8g_draw_circle
                0x1005fe10                u8g_DrawCircle
                0x1006009c                u8g_draw_disc
                0x100601c8                u8g_DrawDisc
 .text          0x1006027c        0x0 obj_emsk_22/gnu_arcem7d/middleware/u8glib/fntsrc/u8g_font_gdr30.o
 .text          0x1006027c        0x0 obj_emsk_22/gnu_arcem7d/middleware/u8glib/fntsrc/u8g_font_gdr20.o
 .text          0x1006027c        0x0 obj_emsk_22/gnu_arcem7d/middleware/u8glib/fntsrc/u8g_font_6x10.o
 .text          0x1006027c      0x19c obj_emsk_22/gnu_arcem7d/os/freertos/portable/synopsys/arc/port.o
                0x10060300                pxPortInitialiseStack
                0x1006037c                xPortStartScheduler
                0x10060398                vPortEndScheduler
                0x100603a8                vPortYieldFromIsr
                0x100603d8                vPortYield
                0x10060404                vPortEndTask
 .text          0x10060418      0x2d4 obj_emsk_22/gnu_arcem7d/os/freertos/portable/heap_sel.o
                0x10060418                pvPortMalloc
                0x100605ac                vPortFree
                0x10060654                xPortGetFreeHeapSize
                0x1006066c                vPortInitialiseBlocks
 .text          0x100606ec      0x71c obj_emsk_22/gnu_arcem7d/os/freertos/portable/synopsys/arc/arc_support.o
                0x100606ec                dispatch
                0x10060808                start_dispatch
                0x10060854                start_r
                0x1006086c                exc_entry_cpu
                0x10060bd4                exc_entry_int
 .text          0x10060e08      0x1e8 obj_emsk_22/gnu_arcem7d/library/clib/fatfs_dirent.o
                0x10060e08                opendir
                0x10060e68                readdir
                0x10060f54                closedir
                0x10060fa4                fatfs_stat
 .text          0x10060ff0      0x4dc obj_emsk_22/gnu_arcem7d/board/emsk/drivers/ip/designware/iic/dw_iic_obj.o
                0x10061458                iic_get_dev
                0x100614b0                dw_iic_all_install
 .text          0x100614cc      0x568 obj_emsk_22/gnu_arcem7d/board/emsk/drivers/ip/designware/spi/dw_spi_obj.o
                0x100619c0                spi_get_dev
                0x10061a18                dw_spi_all_install
 .text          0x10061a34     0x2d74 obj_emsk_22/gnu_arcem7d/device/ip/designware/iic/dw_iic.o
                0x10061e5c                dw_iic_calc_spklen
                0x10061f30                dw_iic_calc_sclcnt
                0x10063670                dw_iic_open
                0x10063a08                dw_iic_close
                0x10063b14                dw_iic_control
                0x100642f0                dw_iic_write
                0x100644ec                dw_iic_read
                0x10064714                dw_iic_isr
 .text          0x100647a8     0x2770 obj_emsk_22/gnu_arcem7d/device/ip/designware/spi/dw_spi.o
                0x10065ab0                dw_spi_open
                0x10065d90                dw_spi_close
                0x10065e9c                dw_spi_control
                0x10066a34                dw_spi_write
                0x10066bc8                dw_spi_read
                0x10066d5c                dw_spi_isr
 .text          0x10066f18      0x128 obj_emsk_22/gnu_arcem7d/board/emsk/drivers/sdcard/emsk_sdcard_spi.o
 .text          0x10067040     0x11f0 obj_emsk_22/gnu_arcem7d/middleware/fatfs/src/diskdrv/ff_sdcard_spi.o
                0x10067504                sdcard_spi_diskio_initialize
                0x10067878                sdcard_spi_diskio_status
                0x100678dc                sdcard_spi_diskio_read
                0x10067a64                sdcard_spi_diskio_write
                0x10067c60                sdcard_spi_diskio_ioctl
                0x10068138                sdcard_spi_diskio_timerproc
 .text          0x10068230     0x2744 obj_emsk_22/gnu_arcem7d/middleware/lwip/src/core/tcp_out.o
                0x100684c0                tcp_send_fin
                0x10068a00                tcp_write
                0x10069404                tcp_enqueue_flags
                0x1006969c                tcp_send_empty_ack
                0x100697f4                tcp_output
                0x1006a0b8                tcp_rst
                0x1006a364                tcp_rexmit_rto
                0x1006a408                tcp_rexmit
                0x1006a520                tcp_rexmit_fast
                0x1006a604                tcp_keepalive
                0x1006a704                tcp_zero_window_probe
 .text          0x1006a974      0x604 obj_emsk_22/gnu_arcem7d/middleware/lwip/src/core/raw.o
                0x1006a9f0                raw_input
                0x1006ab4c                raw_bind
                0x1006ab98                raw_connect
                0x1006abe4                raw_recv
                0x1006ac18                raw_sendto
                0x1006ad90                raw_send
                0x1006adc4                raw_remove
                0x1006ae58                raw_new
                0x1006aec4                raw_new_ip_type
                0x1006aefc                raw_netif_ip_addr_changed
 .text          0x1006af78        0x0 obj_emsk_22/gnu_arcem7d/middleware/lwip/src/core/ip.o
 .text          0x1006af78       0x34 obj_emsk_22/gnu_arcem7d/middleware/lwip/src/core/init.o
                0x1006af78                lwip_init
 .text          0x1006afac     0x33f4 obj_emsk_22/gnu_arcem7d/middleware/lwip/src/api/sockets.o
                0x1006afc4                lwip_socket_thread_init
                0x1006afd4                lwip_socket_thread_cleanup
                0x1006b240                lwip_accept
                0x1006b5e4                lwip_bind
                0x1006b728                lwip_close
                0x1006b808                lwip_connect
                0x1006b974                lwip_listen
                0x1006ba80                lwip_recvfrom
                0x1006bf3c                lwip_read
                0x1006bf78                lwip_recv
                0x1006bfb8                lwip_send
                0x1006c0bc                lwip_sendmsg
                0x1006c530                lwip_sendto
                0x1006c718                lwip_socket
                0x1006c808                lwip_write
                0x1006c840                lwip_writev
                0x1006cc14                lwip_select
                0x1006d42c                lwip_shutdown
                0x1006d6dc                lwip_getpeername
                0x1006d714                lwip_getsockname
                0x1006d74c                lwip_getsockopt
                0x1006dce0                lwip_setsockopt
                0x1006e140                lwip_ioctl
                0x1006e23c                lwip_fcntl
 .text          0x1006e3a0       0x84 obj_emsk_22/gnu_arcem7d/middleware/lwip/src/api/err.o
                0x1006e3a0                lwip_strerr
                0x1006e3e4                err_to_errno
 .text          0x1006e424      0x4bc obj_emsk_22/gnu_arcem7d/middleware/lwip/src/api/netbuf.o
                0x1006e43c                netbuf_new
                0x1006e474                netbuf_delete
                0x1006e4cc                netbuf_alloc
                0x1006e590                netbuf_free
                0x1006e5f8                netbuf_ref
                0x1006e6b4                netbuf_chain
                0x1006e748                netbuf_data
                0x1006e81c                netbuf_next
                0x1006e894                netbuf_first
 .text          0x1006e8e0      0xeb8 obj_emsk_22/gnu_arcem7d/middleware/lwip/src/api/api_lib.o
                0x1006e950                netconn_new_with_proto_and_callback
                0x1006ea9c                netconn_delete
                0x1006eb08                netconn_getaddr
                0x1006ebf0                netconn_bind
                0x1006ec80                netconn_connect
                0x1006ed14                netconn_disconnect
                0x1006ed80                netconn_listen_with_backlog
                0x1006edf0                netconn_accept
                0x1006f1a0                netconn_recv_tcp_pbuf
                0x1006f208                netconn_recv
                0x1006f34c                netconn_sendto
                0x1006f3b4                netconn_send
                0x1006f42c                netconn_write_partly
                0x1006f614                netconn_close
                0x1006f63c                netconn_shutdown
                0x1006f694                netconn_gethostbyname
 .text          0x1006f798      0x550 obj_emsk_22/gnu_arcem7d/middleware/lwip/src/api/netdb.o
                0x1006f7b0                lwip_gethostbyname
                0x1006f884                lwip_gethostbyname_r
                0x1006f9ec                lwip_freeaddrinfo
                0x1006fa2c                lwip_getaddrinfo
 .text          0x1006fce8     0x691c obj_emsk_22/gnu_arcem7d/middleware/mbedtls/library/bignum.o
                0x1006fd2c                mbedtls_mpi_init
                0x1006fd68                mbedtls_mpi_free
                0x1006fdd0                mbedtls_mpi_grow
                0x1006fe88                mbedtls_mpi_shrink
                0x1006ff94                mbedtls_mpi_copy
                0x10070080                mbedtls_mpi_swap
                0x100700cc                mbedtls_mpi_safe_cond_assign
                0x10070210                mbedtls_mpi_safe_cond_swap
                0x100703ac                mbedtls_mpi_lset
                0x10070428                mbedtls_mpi_get_bit
                0x10070474                mbedtls_mpi_set_bit
                0x10070570                mbedtls_mpi_lsb
                0x10070654                mbedtls_mpi_bitlen
                0x100706e4                mbedtls_mpi_size
                0x100707a8                mbedtls_mpi_read_string
                0x10070b24                mbedtls_mpi_write_string
                0x10070d54                mbedtls_mpi_read_file
                0x10070ec8                mbedtls_mpi_write_file
                0x1007105c                mbedtls_mpi_read_binary
                0x10071188                mbedtls_mpi_write_binary
                0x10071240                mbedtls_mpi_shift_l
                0x10071410                mbedtls_mpi_shift_r
                0x100715c8                mbedtls_mpi_cmp_abs
                0x10071720                mbedtls_mpi_cmp_mpi
                0x100718c0                mbedtls_mpi_cmp_int
                0x1007191c                mbedtls_mpi_add_abs
                0x10071c24                mbedtls_mpi_sub_abs
                0x10071d38                mbedtls_mpi_add_mpi
                0x10071e1c                mbedtls_mpi_sub_mpi
                0x10071f00                mbedtls_mpi_add_int
                0x10071f64                mbedtls_mpi_sub_int
                0x10073738                mbedtls_mpi_mul_mpi
                0x10073924                mbedtls_mpi_mul_int
                0x10073a5c                mbedtls_mpi_div_mpi
                0x1007418c                mbedtls_mpi_div_int
                0x100741f8                mbedtls_mpi_mod_mpi
                0x100742c8                mbedtls_mpi_mod_int
                0x100746ac                mbedtls_mpi_exp_mod
                0x10075030                mbedtls_mpi_gcd
                0x1007527c                mbedtls_mpi_fill_random
                0x1007533c                mbedtls_mpi_inv_mod
                0x10075d70                mbedtls_mpi_is_prime
                0x10075e30                mbedtls_mpi_gen_prime
                0x100760fc                mbedtls_mpi_self_test
 .text          0x10076604     0x57e0 obj_emsk_22/gnu_arcem7d/middleware/mbedtls/library/ssl_cli.o
                0x1007bb94                mbedtls_ssl_handshake_client_step
 .text          0x1007bde4      0x9e0 obj_emsk_22/gnu_arcem7d/middleware/mbedtls/library/pk_wrap.o
 .text          0x1007c7c4      0x6bc obj_emsk_22/gnu_arcem7d/middleware/mbedtls/library/base64.o
                0x1007c7c4                mbedtls_base64_encode
                0x1007ca80                mbedtls_base64_decode
                0x1007cd80                mbedtls_base64_self_test
 .text          0x1007ce80      0xb68 obj_emsk_22/gnu_arcem7d/middleware/mbedtls/library/md.o
                0x1007cec4                mbedtls_md_list
                0x1007ced8                mbedtls_md_info_from_string
                0x1007cff8                mbedtls_md_info_from_type
                0x1007d060                mbedtls_md_init
                0x1007d088                mbedtls_md_free
                0x1007d10c                mbedtls_md_clone
                0x1007d188                mbedtls_md_init_ctx
                0x1007d1b8                mbedtls_md_setup
                0x1007d268                mbedtls_md_starts
                0x1007d2b0                mbedtls_md_update
                0x1007d30c                mbedtls_md_finish
                0x1007d35c                mbedtls_md
                0x1007d3ac                mbedtls_md_file
                0x1007d4fc                mbedtls_md_hmac_starts
                0x1007d6ac                mbedtls_md_hmac_update
                0x1007d714                mbedtls_md_hmac_finish
                0x1007d7f0                mbedtls_md_hmac_reset
                0x1007d870                mbedtls_md_hmac
                0x1007d91c                mbedtls_md_process
                0x1007d96c                mbedtls_md_get_size
                0x1007d998                mbedtls_md_get_type
                0x1007d9c0                mbedtls_md_get_name
 .text          0x1007d9e8      0xc00 obj_emsk_22/gnu_arcem7d/middleware/mbedtls/library/ccm.o
                0x1007da2c                mbedtls_ccm_init
                0x1007da54                mbedtls_ccm_setkey
                0x1007db04                mbedtls_ccm_free
                0x1007e220                mbedtls_ccm_encrypt_and_tag
                0x1007e28c                mbedtls_ccm_auth_decrypt
                0x1007e374                mbedtls_ccm_self_test
 .text          0x1007e5e8     0x2e04 obj_emsk_22/gnu_arcem7d/middleware/mbedtls/library/ecp_curves.o
                0x1007e87c                mbedtls_ecp_group_load
 .text          0x100813ec      0x408 obj_emsk_22/gnu_arcem7d/middleware/mbedtls/library/arc4.o
                0x10081430                mbedtls_arc4_init
                0x10081458                mbedtls_arc4_free
                0x10081488                mbedtls_arc4_setup
                0x10081590                mbedtls_arc4_crypt
                0x100816a4                mbedtls_arc4_self_test
 .text          0x100817f4     0x5158 obj_emsk_22/gnu_arcem7d/middleware/mbedtls/library/ecp.o
                0x10081838                mbedtls_ecp_curve_list
                0x1008184c                mbedtls_ecp_grp_id_list
                0x100818d0                mbedtls_ecp_curve_info_from_grp_id
                0x10081920                mbedtls_ecp_curve_info_from_tls_id
                0x10081974                mbedtls_ecp_curve_info_from_name
                0x10081a04                mbedtls_ecp_point_init
                0x10081a4c                mbedtls_ecp_group_init
                0x10081a7c                mbedtls_ecp_keypair_init
                0x10081ac4                mbedtls_ecp_point_free
                0x10081b0c                mbedtls_ecp_group_free
                0x10081bd0                mbedtls_ecp_keypair_free
                0x10081c18                mbedtls_ecp_copy
                0x10081ca4                mbedtls_ecp_group_copy
                0x10081cd4                mbedtls_ecp_set_zero
                0x10081d48                mbedtls_ecp_is_zero
                0x10081d78                mbedtls_ecp_point_cmp
                0x10081df0                mbedtls_ecp_point_read_string
                0x10081e7c                mbedtls_ecp_point_write_binary
                0x1008200c                mbedtls_ecp_point_read_binary
                0x10082120                mbedtls_ecp_tls_read_point
                0x100821c4                mbedtls_ecp_tls_write_point
                0x1008225c                mbedtls_ecp_tls_read_group
                0x10082328                mbedtls_ecp_tls_write_group
                0x10085900                mbedtls_ecp_mul
                0x10085dfc                mbedtls_ecp_muladd
                0x10085f20                mbedtls_ecp_check_pubkey
                0x10085fa4                mbedtls_ecp_check_privkey
                0x10086070                mbedtls_ecp_gen_keypair_base
                0x100862a0                mbedtls_ecp_gen_keypair
                0x100862f0                mbedtls_ecp_gen_key
                0x10086360                mbedtls_ecp_check_pub_priv
                0x100864d0                mbedtls_ecp_self_test
 .text          0x1008694c      0x644 obj_emsk_22/gnu_arcem7d/middleware/mbedtls/library/ecdh.o
                0x1008694c                mbedtls_ecdh_gen_public
                0x10086990                mbedtls_ecdh_compute_shared
                0x10086a58                mbedtls_ecdh_init
                0x10086a80                mbedtls_ecdh_free
                0x10086b10                mbedtls_ecdh_make_params
                0x10086c28                mbedtls_ecdh_read_params
                0x10086cb4                mbedtls_ecdh_get_params
                0x10086d7c                mbedtls_ecdh_make_public
                0x10086e28                mbedtls_ecdh_read_public
                0x10086eb8                mbedtls_ecdh_calc_secret
 .text          0x10086f90      0xb70 obj_emsk_22/gnu_arcem7d/middleware/mbedtls/library/cipher_wrap.o
 .text          0x10087b00     0x23fc obj_emsk_22/gnu_arcem7d/middleware/mbedtls/library/des.o
                0x10087b44                mbedtls_des_init
                0x10087b6c                mbedtls_des_free
                0x10087b9c                mbedtls_des3_init
                0x10087bc4                mbedtls_des3_free
                0x10087bf4                mbedtls_des_key_set_parity
                0x10087c4c                mbedtls_des_key_check_key_parity
                0x10087cac                mbedtls_des_key_check_weak
                0x10087d08                mbedtls_des_setkey
                0x10088284                mbedtls_des_setkey_enc
                0x100882b4                mbedtls_des_setkey_dec
                0x10088504                mbedtls_des3_set2key_enc
                0x10088548                mbedtls_des3_set2key_dec
                0x100886d0                mbedtls_des3_set3key_enc
                0x10088714                mbedtls_des3_set3key_dec
                0x10088758                mbedtls_des_crypt_ecb
                0x10088c84                mbedtls_des_crypt_cbc
                0x10088e68                mbedtls_des3_crypt_ecb
                0x1008973c                mbedtls_des3_crypt_cbc
                0x10089920                mbedtls_des_self_test
 .text          0x10089efc     0x1838 obj_emsk_22/gnu_arcem7d/middleware/mbedtls/library/md5.o
                0x10089f40                mbedtls_md5_init
                0x10089f68                mbedtls_md5_free
                0x10089f98                mbedtls_md5_clone
                0x10089fcc                mbedtls_md5_starts
                0x1008a024                mbedtls_md5_process
                0x1008b2ac                mbedtls_md5_update
                0x1008b3e0                mbedtls_md5_finish
                0x1008b5f8                mbedtls_md5
                0x1008b658                mbedtls_md5_self_test
 .text          0x1008b734      0x89c obj_emsk_22/gnu_arcem7d/middleware/mbedtls/library/pkcs5.o
                0x1008b8d0                mbedtls_pkcs5_pbes2
                0x1008bbc8                mbedtls_pkcs5_pbkdf2_hmac
                0x1008be40                mbedtls_pkcs5_self_test
 .text          0x1008bfd0     0x1df8 obj_emsk_22/gnu_arcem7d/middleware/mbedtls/library/gcm.o
                0x1008c014                mbedtls_gcm_init
                0x1008c414                mbedtls_gcm_setkey
                0x1008c98c                mbedtls_gcm_starts
                0x1008cd00                mbedtls_gcm_update
                0x1008cfc4                mbedtls_gcm_finish
                0x1008d324                mbedtls_gcm_crypt_and_tag
                0x1008d3d8                mbedtls_gcm_auth_decrypt
                0x1008d4c0                mbedtls_gcm_free
                0x1008d4f0                mbedtls_gcm_self_test
 .text          0x1008ddc8     0x1d44 obj_emsk_22/gnu_arcem7d/middleware/mbedtls/library/sha256.o
                0x1008de0c                mbedtls_sha256_init
                0x1008de34                mbedtls_sha256_free
                0x1008de64                mbedtls_sha256_clone
                0x1008de98                mbedtls_sha256_starts
                0x1008df98                mbedtls_sha256_process
                0x1008f41c                mbedtls_sha256_update
                0x1008f550                mbedtls_sha256_finish
                0x1008f8a0                mbedtls_sha256
                0x1008f908                mbedtls_sha256_self_test
 .text          0x1008fb0c     0x6014 obj_emsk_22/gnu_arcem7d/middleware/mbedtls/library/ssl_srv.o
                0x1008fcd4                mbedtls_ssl_set_client_transport_id
                0x1008fd6c                mbedtls_ssl_conf_dtls_cookies
                0x100958dc                mbedtls_ssl_handshake_server_step
 .text          0x10095b20      0xcc8 obj_emsk_22/gnu_arcem7d/middleware/mbedtls/library/ecdsa.o
                0x10095c04                mbedtls_ecdsa_sign
                0x10095f24                mbedtls_ecdsa_sign_det
                0x1009606c                mbedtls_ecdsa_verify
                0x1009643c                mbedtls_ecdsa_write_signature
                0x100964fc                mbedtls_ecdsa_write_signature_det
                0x1009654c                mbedtls_ecdsa_read_signature
                0x100966a8                mbedtls_ecdsa_genkey
                0x10096714                mbedtls_ecdsa_from_keypair
                0x100967a0                mbedtls_ecdsa_init
                0x100967c4                mbedtls_ecdsa_free
 .text          0x100967e8      0x758 obj_emsk_22/gnu_arcem7d/middleware/mbedtls/library/md_wrap.o
 .text          0x10096f40      0xb60 obj_emsk_22/gnu_arcem7d/middleware/mbedtls/library/hmac_drbg.o
                0x10096f84                mbedtls_hmac_drbg_init
                0x10096fbc                mbedtls_hmac_drbg_update
                0x100970cc                mbedtls_hmac_drbg_seed_buf
                0x10097170                mbedtls_hmac_drbg_reseed
                0x10097258                mbedtls_hmac_drbg_seed
                0x10097360                mbedtls_hmac_drbg_set_prediction_resistance
                0x10097384                mbedtls_hmac_drbg_set_entropy_len
                0x100973a8                mbedtls_hmac_drbg_set_reseed_interval
                0x100973cc                mbedtls_hmac_drbg_random_with_add
                0x10097558                mbedtls_hmac_drbg_random
                0x100975e4                mbedtls_hmac_drbg_free
                0x10097630                mbedtls_hmac_drbg_write_seed_file
                0x100976cc                mbedtls_hmac_drbg_update_seed_file
                0x10097800                mbedtls_hmac_drbg_self_test
 .text          0x10097aa0      0x2c8 obj_emsk_22/gnu_arcem7d/middleware/u8glib/csrc/u8g_com_embarc_ssd1306_i2c.o
                0x10097c38                u8g_com_embarc_ssd_i2c_fn_sel
                0x10097d20                u8g_com_embarc_ssd_i2c_fn
 .text          0x10097d68      0x380 obj_emsk_22/gnu_arcem7d/middleware/u8glib/csrc/u8g_com_api.o
                0x10097d68                u8g_InitCom
                0x10097da4                u8g_StopCom
                0x10097dd8                u8g_SetChipSelect
                0x10097e14                u8g_SetResetLow
                0x10097e48                u8g_SetResetHigh